// Jest Snapshot v1, https://goo.gl/fbAQLP

exports[`should render Header correctly 1`] = `
<div
  className="box-layout"
>
  <section
    className="box-layout__box"
  >
    <h1
      className="box-layout__title"
    >
      App Title
    </h1>
    <p>
      Tagline for app
    </p>
    <button
      className="button"
      onClick={[Function]}
    >
      Login with Google
    </button>
  </section>
</div>
`;
